// Jest Snapshot v1, https://goo.gl/fbAQLP

exports[`SOCIAL LOGIN should render social call back component 1`] = `
<DocumentFragment>
  <div>
    <div
      class="MuiLinearProgress-root MuiLinearProgress-colorPrimary MuiLinearProgress-indeterminate"
      role="progressbar"
    >
      <div
        class="MuiLinearProgress-bar MuiLinearProgress-barColorPrimary MuiLinearProgress-bar1Indeterminate"
      />
      <div
        class="MuiLinearProgress-bar MuiLinearProgress-bar2Indeterminate MuiLinearProgress-barColorPrimary"
      />
    </div>
  </div>
</DocumentFragment>
`;
